// Vitest Snapshot v1, https://vitest.dev/guide/snapshot.html

exports[`presetUseful postprocess with unColor > base 1`] = `
"/* layer: default */
.bg-red{--un-bg-opacity:1;background-color:rgb(248 113 113 / var(--un-bg-opacity));}
.text-blue{--un-text-opacity:1;color:rgb(96 165 250 / var(--un-text-opacity));}"
`;

exports[`presetUseful postprocess with unColor > with any string 1`] = `
"/* layer: default */
.bg-red{--un-bg-opacity:1;background-color:rgb(248 113 113 / var(--un-bg-opacity));}
.text-blue{--un-text-opacity:1;color:rgb(96 165 250 / var(--un-text-opacity));}"
`;
